middle = 14
mid = 15
middle = 7
mid = 23
middle = 3
mid = 19
middle = 1
mid = 21
middle = 0
mid = 20
true