username,password,age
drkameleon,1234567,28
ozmax,7654321,24

==============
[["username":"drkameleon", "password":"1234567", "age":"28"],["username":"ozmax", "password":"7654321", "age":"24"]]
