["name":"John", "surname":"Zafeiropoulos"]
John
false
["name":"Hector", "surname":"Zafeiropoulos"]
["surname":"Zafeiropoulos"]
2
true
false
