7
["newItem",1,2,3,4,5,6,7,8,9,10,11,12,13,14,15,16,17,18,19]
[1,2,3,4,5,6,7,8,9,10,11,12,13,14,15,16,17,18,19,"newItem"]
[1,2,3,4,5,6,"newItem",7,8,9,10,11,12,13,14,15,16,17,18,19]
[1,2,3,4,5,6,"newItem",8,9,10,11,12,13,14,15,16,17,18,19]
[1,2,3,4,5,6,8,9,10,11,12,13,14,15,16,17,18,19]
[1,2,3,4,5,7,8,9,10,11,12,13,14,15,16,17,18,19]
1
19
[4,5,6]
[1,2,3,4,5,6,7,8,9,10,11,12,13,14,15,16,17,18,19,"newItem"]
19
[1,2,3,4,5,6,7,8,9,10,11,12,13,14,15,16,17,18,19,1,2,3,4,5,6,7,8,9,10,11,12,13,14,15,16,17,18,19]
[19,18,17,16,15,14,13,12,11,10,9,8,7,6,5,4,3,2,1]
false
false
[2,4,6,8,10,12,14,16,18]
[2,4,6,8,10,12,14,16,18,20,22,24,26,28,30,32,34,36,38]
[0,1,2,3,4,5,6,7,8,9]
0
9
0
45
false
[3,4,5,6]