HELLO
hello
HELLO
HELLO    
    HELLO
2
hell
false
true
H400
true
false
false
true
hello
hello     
     hello
  hello   
false
true
Hello
hELLO
