false
true
Hello world!
true
Hello world!newLine
false
true
false
false
