true
0
0
1
2
1
[["username":"drkameleon", "password":"1234567"]]
[["username":"ozmax", "password":"7654321"]]
[["post":"somePost", "title":"someTitle"]]
[]
0
[["username":"drkameleon", "password":"1234567"],["username":"ozmax", "password":"7654321"]]
[]
0
