-0.544021
-0.839072
0.648361
11013.2
11013.2
1
1.5708
0
1.47113
2.99822
2.99322
0.202733
1
1
1
0
0
625
148.413
1
1
21
21
986895
29127
23233
100
100
3.14159
2.71828
