true
true
false
["h","e","l","l","o"]
123
456
heXlo
heXXo
["he","","o"]
