is 1
is 2
is 3
is 4
is >=5!
is >=5!
is >=5!
is >=5!
is >=5!
is >=5!
is >=5!
is >=5!
is >=5!
is >=5!
is >=5!
is >=5!
is >=5!
is >=5!
is >=5!
