0
1
2
3
4
5
6
7
8
9
1
2
3
4
5
6
7
8
9
0 --> 1
1 --> 2
2 --> 3
3 --> 4
4 --> 5
5 --> 6
6 --> 7
7 --> 8
8 --> 9
one
two
three
["name":"user1", "age":1]
["name":"user2", "age":2]
0 --> ["name":"user1", "age":1]
1 --> ["name":"user2", "age":2]
name
age
name --> user1
age --> 1
