Hello, John!
Your age is = 28
And another one...
28 ==> Age
ozmax, George, Tsakalos
Hello, George!
Your age is = 24
And another one...
24 ==> Age
camiel, Nick, Zafeiropoulos
Hello, Nick!
Your age is = 57
And another one...
57 ==> Age
